
>>> Source(`sample.bit` with 21 bytes) <<<

line 1
line 2
line 3


